
[32;1mInput is correct
[0m
[30;1mCode analysis results:
[0m______________________________
00000000: MOV 0 1
00000001: MOV 6 2
00000010: MOV 2 6
00000011: MVI 2 2
00000100: MVI 6 4
00000101: LXI 0 8 13
00000110: LXI 2 16 28
00000111: LXI 4 32 34
00001000: LXI 6 63 64
00001001: SUI 69
