
[31;1mErrors: 3
[0m
[30;1mCode analysis results:
[0m______________________________
00000000: 11001010
00000001: 00010111
00000010: 00101101
00000011: 11001010
00000100: 10000100
00000101: 00011101
