**
[32;1mInput is correct
[0m
[30;1mCode analysis results:
[0m______________________________
00000000: 01111000
00000001: 01000001
00000010: 01011100
00000011: 01110110
