stored label LABEL on line 7
stored label ENDIF on line 13

[32;1mInput is correct
[0m
[30;1mCode analysis results:
[0m______________________________
00000000: 00010001
00000001: 01000000
00000010: 00000000
00000011: 00000001
00000100: 10000000
00000101: 00000000
00000110: 00011010
00000111: 10010011
00001000: 11111010
00001001: 00001110
00001010: 00000000
00001011: 00001010
00001100: 01011111
00001101: 00000011
00001110: 00010101
00001111: 11000010
00010000: 00000111
00010001: 00000000
00010010: 00111110
00010011: 00000011
00010100: 00110010
00010101: 01000000
00010110: 00000000
00010111: 01110110
