
[32;1mInput is correct
[0m
[30;1mCode analysis results:
[0m______________________________
00000000: MOV 1 2
00000001: MOV 0 1
00000010: JZ 23 45
00000011: JZ 132 29
00000100: JZ 23 45
00000101: JZ 21 123
00000110: JZ 19 2
00000111: JZ 99 2
00001000: LXI 3 4 0
00001001: LXI 0 7 0
00001010: CALL 9 0
