<ERROR> wrong command recieved
<ERROR> wrong command recieved
<ERROR> wrong command recieved
<ERROR> wrong command recieved
<ERROR> wrong command recieved
<ERROR> wrong command recieved
<ERROR> unexpected numeric argument
<ERROR> expected 2 argument(s)
<ERROR> expected 2 argument(s)
<ERROR> wrong command recieved
<ERROR> unexpected numeric argument
<ERROR> unexpected numeric argument
<ERROR> wrong command recieved
<ERROR> unexpected numeric argument
<ERROR> unexpected numeric argument
<ERROR> expected 2 argument(s)
<ERROR> expected 2 argument(s)
<ERROR> expected 2 argument(s)
<ERROR> expected 2 argument(s)
<ERROR> expected 2 argument(s)
<ERROR> expected 2 argument(s)

[30;1mCode analysis results:
[0m______________________________
00000000: 00000000
00000001: 00000101
00000010: 00000110
00000011: 00000001
00000100: 00000000
00000101: 00000100
00000110: 00000000
00000111: 00000000
00001000: 00000100
00001001: 00000000
00001010: 00000000
00001011: 00000100
00001100: 00000000
00001101: 00000000
00001110: 00000100
00001111: 00000001
00010000: 00000000
00010001: 00000100
00010010: 00000000
00010011: 00000010
00010100: 00000011
00010101: 00000001
00010110: 00000001
00010111: 00000000
00011000: 00000001
00011001: 00000001
00011010: 00000000
00011011: 00000001
00011100: 00000001
00011101: 00000000
