
[32;1mInput is correct
[0m
[30;1mCode analysis results:
[0m______________________________
00000000: LXI 4 128 0
00000001: MVI 0 7
00000010: MOV 7 0
00000011: SUB 6
00000100: MOV 0 7
00000101: MOV 6 7
00000110: HLT
