
[32;1mInput is correct
[0m
[30;1mCode analysis results:
[0m______________________________
00000000: LXI 6 130 0
00000001: LXI 0 146 219
00000010: PUSH 0
00000011: POP 2
00000100: INR 3
00000101: DCR 2
00000110: PUSH 2
00000111: HLT
