
[32;1mInput is correct
[0m
[30;1mCode analysis results:
[0m______________________________
00000000: 00010001
00000001: 00001111
00000010: 00000100
00000011: 00000001
00000100: 00010000
00000101: 00000011
00000110: 01111011
00000111: 10010001
00001000: 01011111
00001001: 01111010
00001010: 10011000
00001011: 01010111
00001100: 11101011
00001101: 00100010
00001110: 10000000
00001111: 00000000
00010000: 01110110
