
[32;1mInput is correct
[0m
[30;1mCode analysis results:
[0m______________________________
00000000: 00000001
00000001: 00001111
00000010: 00000100
00000011: 00010001
00000100: 11111101
00000101: 00000011
00000110: 11101011
00000111: 00001001
00001000: 00100010
00001001: 10000000
00001010: 00000000
00001011: 01110110
