
[32;1mInput is correct
[0m
[30;1mCode analysis results:
[0m______________________________
00000000: 00111110
00000001: 00000011
00000010: 00000111
00000011: 00000111
00000100: 00000111
00000101: 00000111
00000110: 00001110
00000111: 00000110
00001000: 10000001
00001001: 01000111
00001010: 00111110
00001011: 00000010
00001100: 00000111
00001101: 00000111
00001110: 00000111
00001111: 00000111
00010000: 00001110
00010001: 00000111
00010010: 10000001
00010011: 10000000
00010100: 00100111
00010101: 00110010
00010110: 10000000
00010111: 00000000
00011000: 01110110
