
[32;1mInput is correct
[0m
[30;1mCode analysis results:
[0m______________________________
00000000: MVI 0 36
00000001: MVI 1 27
00000010: MOV 7 1
00000011: MVI 2 0
00000100: MVI 3 0
