stored label L1 on line 5

[32;1mInput is correct
[0m
[30;1mCode analysis results:
[0m______________________________
00000000: 00111110
00000001: 11111111
00000010: 00100001
00000011: 00001001
00000100: 00000000
00000101: 01110111
00000110: 00100011
00000111: 11000011
00001000: 00000101
00001001: 00000000
