
[32;1mInput is correct
[0m
[30;1mCode analysis results:
[0m______________________________
00000000: 00000110
00000001: 00000001
00000010: 00111110
00000011: 00000011
00000100: 10101000
00000101: 00010111
00000110: 00110001
00000111: 00000111
00001000: 00001000
00001001: 11110101
00001010: 01110110
