
[32;1mInput is correct
[0m
[30;1mCode analysis results:
[0m______________________________
00000000: 00110001
00000001: 00110111
00000010: 00000000
00000011: 11001111
00000100: 01110110
00000101: 11001001
