
[33;1mWarnings: 1
[0m
[30;1mCode analysis results:
[0m______________________________
00000000: MOV 1 2
00000001: MVI 1 2
00000010: LXI 0 1 2
00000011: LDA 1 2
00000100: LDAX 1
00000101: STA 1 2
00000110: STAX 1
00000111: IN 1
00001000: OUT 1
00001001: XCHG
00001010: XTHL
00001011: LHLD 1 2
