
[31;1mErrors: 2
[0m
[30;1mCode analysis results:
[0m______________________________
00000000: MOV 1 4
